Archive member included to satisfy reference by file (symbol)

C:\Users\Keith-School\Desktop\cet400\cet400stepper_hal_lib\Debug\libcet400stepper_hal_lib.a(stm32f4xx_hal.o)
                              src/main.o (HAL_Init)
C:\Users\Keith-School\Desktop\cet400\cet400stepper_hal_lib\Debug\libcet400stepper_hal_lib.a(stm32f4xx_hal_cortex.o)
                              C:\Users\Keith-School\Desktop\cet400\cet400stepper_hal_lib\Debug\libcet400stepper_hal_lib.a(stm32f4xx_hal.o) (HAL_NVIC_SetPriorityGrouping)
C:\Users\Keith-School\Desktop\cet400\cet400stepper_hal_lib\Debug\libcet400stepper_hal_lib.a(stm32f4xx_hal_gpio.o)
                              Motor_Control_Lib/src/motor_Y.o (HAL_GPIO_Init)
C:\Users\Keith-School\Desktop\cet400\cet400stepper_hal_lib\Debug\libcet400stepper_hal_lib.a(stm32f4xx_hal_rcc.o)
                              src/main.o (HAL_RCC_OscConfig)
c:/ac6/systemworkbench/plugins/fr.ac6.mcu.externaltools.arm-none.win32_1.7.0.201602121829/tools/compiler/bin/../lib/gcc/arm-none-eabi/5.2.1/../../../../arm-none-eabi/lib/armv7e-m/fpu\libc.a(lib_a-errno.o)
                              src/syscalls.o (__errno)
c:/ac6/systemworkbench/plugins/fr.ac6.mcu.externaltools.arm-none.win32_1.7.0.201602121829/tools/compiler/bin/../lib/gcc/arm-none-eabi/5.2.1/../../../../arm-none-eabi/lib/armv7e-m/fpu\libc.a(lib_a-exit.o)
                              c:/ac6/systemworkbench/plugins/fr.ac6.mcu.externaltools.arm-none.win32_1.7.0.201602121829/tools/compiler/bin/../lib/gcc/arm-none-eabi/5.2.1/../../../../arm-none-eabi/lib/armv7e-m/fpu/crt0.o (exit)
c:/ac6/systemworkbench/plugins/fr.ac6.mcu.externaltools.arm-none.win32_1.7.0.201602121829/tools/compiler/bin/../lib/gcc/arm-none-eabi/5.2.1/../../../../arm-none-eabi/lib/armv7e-m/fpu\libc.a(lib_a-impure.o)
                              c:/ac6/systemworkbench/plugins/fr.ac6.mcu.externaltools.arm-none.win32_1.7.0.201602121829/tools/compiler/bin/../lib/gcc/arm-none-eabi/5.2.1/../../../../arm-none-eabi/lib/armv7e-m/fpu\libc.a(lib_a-exit.o) (_global_impure_ptr)
c:/ac6/systemworkbench/plugins/fr.ac6.mcu.externaltools.arm-none.win32_1.7.0.201602121829/tools/compiler/bin/../lib/gcc/arm-none-eabi/5.2.1/../../../../arm-none-eabi/lib/armv7e-m/fpu\libc.a(lib_a-init.o)
                              c:/ac6/systemworkbench/plugins/fr.ac6.mcu.externaltools.arm-none.win32_1.7.0.201602121829/tools/compiler/bin/../lib/gcc/arm-none-eabi/5.2.1/../../../../arm-none-eabi/lib/armv7e-m/fpu/crt0.o (__libc_init_array)
c:/ac6/systemworkbench/plugins/fr.ac6.mcu.externaltools.arm-none.win32_1.7.0.201602121829/tools/compiler/bin/../lib/gcc/arm-none-eabi/5.2.1/../../../../arm-none-eabi/lib/armv7e-m/fpu\libc.a(lib_a-memset.o)
                              c:/ac6/systemworkbench/plugins/fr.ac6.mcu.externaltools.arm-none.win32_1.7.0.201602121829/tools/compiler/bin/../lib/gcc/arm-none-eabi/5.2.1/../../../../arm-none-eabi/lib/armv7e-m/fpu/crt0.o (memset)
c:/ac6/systemworkbench/plugins/fr.ac6.mcu.externaltools.arm-none.win32_1.7.0.201602121829/tools/compiler/bin/../lib/gcc/arm-none-eabi/5.2.1/../../../../arm-none-eabi/lib/armv7e-m/fpu\libc.a(lib_a-__call_atexit.o)
                              c:/ac6/systemworkbench/plugins/fr.ac6.mcu.externaltools.arm-none.win32_1.7.0.201602121829/tools/compiler/bin/../lib/gcc/arm-none-eabi/5.2.1/../../../../arm-none-eabi/lib/armv7e-m/fpu\libc.a(lib_a-exit.o) (__call_exitprocs)
c:/ac6/systemworkbench/plugins/fr.ac6.mcu.externaltools.arm-none.win32_1.7.0.201602121829/tools/compiler/bin/../lib/gcc/arm-none-eabi/5.2.1/../../../../arm-none-eabi/lib/armv7e-m/fpu\libc.a(lib_a-atexit.o)
                              c:/ac6/systemworkbench/plugins/fr.ac6.mcu.externaltools.arm-none.win32_1.7.0.201602121829/tools/compiler/bin/../lib/gcc/arm-none-eabi/5.2.1/../../../../arm-none-eabi/lib/armv7e-m/fpu\libc.a(lib_a-__call_atexit.o) (atexit)
c:/ac6/systemworkbench/plugins/fr.ac6.mcu.externaltools.arm-none.win32_1.7.0.201602121829/tools/compiler/bin/../lib/gcc/arm-none-eabi/5.2.1/../../../../arm-none-eabi/lib/armv7e-m/fpu\libc.a(lib_a-fini.o)
                              c:/ac6/systemworkbench/plugins/fr.ac6.mcu.externaltools.arm-none.win32_1.7.0.201602121829/tools/compiler/bin/../lib/gcc/arm-none-eabi/5.2.1/../../../../arm-none-eabi/lib/armv7e-m/fpu\libc.a(lib_a-__call_atexit.o) (__libc_fini_array)
c:/ac6/systemworkbench/plugins/fr.ac6.mcu.externaltools.arm-none.win32_1.7.0.201602121829/tools/compiler/bin/../lib/gcc/arm-none-eabi/5.2.1/../../../../arm-none-eabi/lib/armv7e-m/fpu\libc.a(lib_a-__atexit.o)
                              c:/ac6/systemworkbench/plugins/fr.ac6.mcu.externaltools.arm-none.win32_1.7.0.201602121829/tools/compiler/bin/../lib/gcc/arm-none-eabi/5.2.1/../../../../arm-none-eabi/lib/armv7e-m/fpu\libc.a(lib_a-atexit.o) (__register_exitproc)

Allocating common symbols
Common symbol       size              file

[...]
Memory Configuration

Name             Origin             Length             Attributes
RAM              0x20000000         0x00020000         xrw
ROM              0x08000000         0x00080000         xr
*default*        0x00000000         0xffffffff

Linker script and memory map

LOAD c:/ac6/systemworkbench/plugins/fr.ac6.mcu.externaltools.arm-none.win32_1.7.0.201602121829/tools/compiler/bin/../lib/gcc/arm-none-eabi/5.2.1/armv7e-m/fpu/crti.o
LOAD c:/ac6/systemworkbench/plugins/fr.ac6.mcu.externaltools.arm-none.win32_1.7.0.201602121829/tools/compiler/bin/../lib/gcc/arm-none-eabi/5.2.1/armv7e-m/fpu/crtbegin.o
LOAD c:/ac6/systemworkbench/plugins/fr.ac6.mcu.externaltools.arm-none.win32_1.7.0.201602121829/tools/compiler/bin/../lib/gcc/arm-none-eabi/5.2.1/../../../../arm-none-eabi/lib/armv7e-m/fpu/crt0.o
LOAD c:/ac6/systemworkbench/plugins/fr.ac6.mcu.externaltools.arm-none.win32_1.7.0.201602121829/tools/compiler/bin/../lib/gcc/arm-none-eabi/5.2.1/../../../../arm-none-eabi/lib/armv7e-m/fpu\libm.a
LOAD startup/startup_stm32.o
LOAD src/main.o
LOAD src/stm32f4xx_it.o
LOAD src/syscalls.o
LOAD src/system_stm32f4xx.o
LOAD Motor_Control_Lib/src/motor_Y.o
LOAD Motor_Control_Lib/src/utilities.o
LOAD C:\Users\Keith-School\Desktop\cet400\cet400stepper_hal_lib\Debug\libcet400stepper_hal_lib.a
START GROUP
LOAD c:/ac6/systemworkbench/plugins/fr.ac6.mcu.externaltools.arm-none.win32_1.7.0.201602121829/tools/compiler/bin/../lib/gcc/arm-none-eabi/5.2.1/armv7e-m/fpu\libgcc.a
LOAD c:/ac6/systemworkbench/plugins/fr.ac6.mcu.externaltools.arm-none.win32_1.7.0.201602121829/tools/compiler/bin/../lib/gcc/arm-none-eabi/5.2.1/../../../../arm-none-eabi/lib/armv7e-m/fpu\libc.a
END GROUP
LOAD c:/ac6/systemworkbench/plugins/fr.ac6.mcu.externaltools.arm-none.win32_1.7.0.201602121829/tools/compiler/bin/../lib/gcc/arm-none-eabi/5.2.1/armv7e-m/fpu/crtend.o
LOAD c:/ac6/systemworkbench/plugins/fr.ac6.mcu.externaltools.arm-none.win32_1.7.0.201602121829/tools/compiler/bin/../lib/gcc/arm-none-eabi/5.2.1/armv7e-m/fpu/crtn.o
                0x20020000                _estack = 0x20020000
                0x00000000                _Min_Heap_Size = 0x0
                0x00000400                _Min_Stack_Size = 0x400

.isr_vector     0x08000000      0x188
                0x08000000                . = ALIGN (0x4)
 *(.isr_vector)
 .isr_vector    0x08000000      0x188 startup/startup_stm32.o
                0x08000000                g_pfnVectors
                0x08000188                . = ALIGN (0x4)

.text           0x08000188     0x12e4
                0x08000188                . = ALIGN (0x4)
 *(.text)
 .text          0x08000188       0xa4 c:/ac6/systemworkbench/plugins/fr.ac6.mcu.externaltools.arm-none.win32_1.7.0.201602121829/tools/compiler/bin/../lib/gcc/arm-none-eabi/5.2.1/armv7e-m/fpu/crtbegin.o
 *(.text*)
 .text.Reset_Handler
                0x0800022c       0x48 startup/startup_stm32.o
                0x0800022c                Reset_Handler
 .text.Default_Handler
                0x08000274        0x2 startup/startup_stm32.o
                0x08000274                DebugMon_Handler
                0x08000274                HardFault_Handler
                0x08000274                PendSV_Handler
                0x08000274                NMI_Handler
                0x08000274                UsageFault_Handler
                0x08000274                Default_Handler
                0x08000274                MemManage_Handler
                0x08000274                SVC_Handler
                0x08000274                BusFault_Handler
 *fill*         0x08000276        0x2 
 .text.main     0x08000278       0x28 src/main.o
                0x08000278                main
 .text.SystemClock_Config
                0x080002a0       0xb8 src/main.o
 .text.Error_Handler
                0x08000358        0x8 src/main.o
 .text.SysTick_Handler
                0x08000360       0x10 src/stm32f4xx_it.o
                0x08000360                SysTick_Handler
 .text.SystemInit
                0x08000370       0x6c src/system_stm32f4xx.o
                0x08000370                SystemInit
 .text.MY_init  0x080003dc       0xd4 Motor_Control_Lib/src/motor_Y.o
                0x080003dc                MY_init
 .text.MY_set_dir
                0x080004b0       0x38 Motor_Control_Lib/src/motor_Y.o
                0x080004b0                MY_set_dir
 .text.MY_step  0x080004e8       0x58 Motor_Control_Lib/src/motor_Y.o
                0x080004e8                MY_step
 .text.LED_init
                0x08000540       0x60 Motor_Control_Lib/src/utilities.o
                0x08000540                LED_init
 .text.LED_toggle
                0x080005a0       0x14 Motor_Control_Lib/src/utilities.o
                0x080005a0                LED_toggle
 .text.HAL_Init
                0x080005b4       0x38 C:\Users\Keith-School\Desktop\cet400\cet400stepper_hal_lib\Debug\libcet400stepper_hal_lib.a(stm32f4xx_hal.o)
                0x080005b4                HAL_Init
 .text.HAL_MspInit
                0x080005ec       0x10 C:\Users\Keith-School\Desktop\cet400\cet400stepper_hal_lib\Debug\libcet400stepper_hal_lib.a(stm32f4xx_hal.o)
                0x080005ec                HAL_MspInit
 .text.HAL_InitTick
                0x080005fc       0x38 C:\Users\Keith-School\Desktop\cet400\cet400stepper_hal_lib\Debug\libcet400stepper_hal_lib.a(stm32f4xx_hal.o)
                0x080005fc                HAL_InitTick
 .text.HAL_IncTick
                0x08000634       0x1c C:\Users\Keith-School\Desktop\cet400\cet400stepper_hal_lib\Debug\libcet400stepper_hal_lib.a(stm32f4xx_hal.o)
                0x08000634                HAL_IncTick
 .text.HAL_GetTick
                0x08000650       0x18 C:\Users\Keith-School\Desktop\cet400\cet400stepper_hal_lib\Debug\libcet400stepper_hal_lib.a(stm32f4xx_hal.o)
                0x08000650                HAL_GetTick
 .text.HAL_Delay
                0x08000668       0x2c C:\Users\Keith-School\Desktop\cet400\cet400stepper_hal_lib\Debug\libcet400stepper_hal_lib.a(stm32f4xx_hal.o)
                0x08000668                HAL_Delay
 .text.NVIC_SetPriorityGrouping
                0x08000694       0x48 C:\Users\Keith-School\Desktop\cet400\cet400stepper_hal_lib\Debug\libcet400stepper_hal_lib.a(stm32f4xx_hal_cortex.o)
 .text.NVIC_GetPriorityGrouping
                0x080006dc       0x1c C:\Users\Keith-School\Desktop\cet400\cet400stepper_hal_lib\Debug\libcet400stepper_hal_lib.a(stm32f4xx_hal_cortex.o)
 .text.NVIC_SetPriority
                0x080006f8       0x54 C:\Users\Keith-School\Desktop\cet400\cet400stepper_hal_lib\Debug\libcet400stepper_hal_lib.a(stm32f4xx_hal_cortex.o)
 .text.NVIC_EncodePriority
                0x0800074c       0x64 C:\Users\Keith-School\Desktop\cet400\cet400stepper_hal_lib\Debug\libcet400stepper_hal_lib.a(stm32f4xx_hal_cortex.o)
 .text.SysTick_Config
                0x080007b0       0x44 C:\Users\Keith-School\Desktop\cet400\cet400stepper_hal_lib\Debug\libcet400stepper_hal_lib.a(stm32f4xx_hal_cortex.o)
 .text.HAL_NVIC_SetPriorityGrouping
                0x080007f4       0x18 C:\Users\Keith-School\Desktop\cet400\cet400stepper_hal_lib\Debug\libcet400stepper_hal_lib.a(stm32f4xx_hal_cortex.o)
                0x080007f4                HAL_NVIC_SetPriorityGrouping
 .text.HAL_NVIC_SetPriority
                0x0800080c       0x38 C:\Users\Keith-School\Desktop\cet400\cet400stepper_hal_lib\Debug\libcet400stepper_hal_lib.a(stm32f4xx_hal_cortex.o)
                0x0800080c                HAL_NVIC_SetPriority
 .text.HAL_SYSTICK_Config
                0x08000844       0x18 C:\Users\Keith-School\Desktop\cet400\cet400stepper_hal_lib\Debug\libcet400stepper_hal_lib.a(stm32f4xx_hal_cortex.o)
                0x08000844                HAL_SYSTICK_Config
 .text.HAL_SYSTICK_IRQHandler
                0x0800085c        0xc C:\Users\Keith-School\Desktop\cet400\cet400stepper_hal_lib\Debug\libcet400stepper_hal_lib.a(stm32f4xx_hal_cortex.o)
                0x0800085c                HAL_SYSTICK_IRQHandler
 .text.HAL_SYSTICK_Callback
                0x08000868       0x10 C:\Users\Keith-School\Desktop\cet400\cet400stepper_hal_lib\Debug\libcet400stepper_hal_lib.a(stm32f4xx_hal_cortex.o)
                0x08000868                HAL_SYSTICK_Callback
 .text.HAL_GPIO_Init
                0x08000878      0x304 C:\Users\Keith-School\Desktop\cet400\cet400stepper_hal_lib\Debug\libcet400stepper_hal_lib.a(stm32f4xx_hal_gpio.o)
                0x08000878                HAL_GPIO_Init
 .text.HAL_GPIO_WritePin
                0x08000b7c       0x34 C:\Users\Keith-School\Desktop\cet400\cet400stepper_hal_lib\Debug\libcet400stepper_hal_lib.a(stm32f4xx_hal_gpio.o)
                0x08000b7c                HAL_GPIO_WritePin
 .text.HAL_GPIO_TogglePin
                0x08000bb0       0x24 C:\Users\Keith-School\Desktop\cet400\cet400stepper_hal_lib\Debug\libcet400stepper_hal_lib.a(stm32f4xx_hal_gpio.o)
                0x08000bb0                HAL_GPIO_TogglePin
 .text.HAL_RCC_OscConfig
                0x08000bd4      0x424 C:\Users\Keith-School\Desktop\cet400\cet400stepper_hal_lib\Debug\libcet400stepper_hal_lib.a(stm32f4xx_hal_rcc.o)
                0x08000bd4                HAL_RCC_OscConfig
 .text.HAL_RCC_ClockConfig
                0x08000ff8      0x224 C:\Users\Keith-School\Desktop\cet400\cet400stepper_hal_lib\Debug\libcet400stepper_hal_lib.a(stm32f4xx_hal_rcc.o)
                0x08000ff8                HAL_RCC_ClockConfig
 .text.HAL_RCC_GetSysClockFreq
                0x0800121c       0xfc C:\Users\Keith-School\Desktop\cet400\cet400stepper_hal_lib\Debug\libcet400stepper_hal_lib.a(stm32f4xx_hal_rcc.o)
                0x0800121c                HAL_RCC_GetSysClockFreq
 .text.__libc_init_array
                0x08001318       0x50 c:/ac6/systemworkbench/plugins/fr.ac6.mcu.externaltools.arm-none.win32_1.7.0.201602121829/tools/compiler/bin/../lib/gcc/arm-none-eabi/5.2.1/../../../../arm-none-eabi/lib/armv7e-m/fpu\libc.a(lib_a-init.o)
                0x08001318                __libc_init_array
 .text.startup.register_fini
                0x08001368       0x14 c:/ac6/systemworkbench/plugins/fr.ac6.mcu.externaltools.arm-none.win32_1.7.0.201602121829/tools/compiler/bin/../lib/gcc/arm-none-eabi/5.2.1/../../../../arm-none-eabi/lib/armv7e-m/fpu\libc.a(lib_a-__call_atexit.o)
 .text.atexit   0x0800137c        0xc c:/ac6/systemworkbench/plugins/fr.ac6.mcu.externaltools.arm-none.win32_1.7.0.201602121829/tools/compiler/bin/../lib/gcc/arm-none-eabi/5.2.1/../../../../arm-none-eabi/lib/armv7e-m/fpu\libc.a(lib_a-atexit.o)
                0x0800137c                atexit
 .text.__libc_fini_array
                0x08001388       0x28 c:/ac6/systemworkbench/plugins/fr.ac6.mcu.externaltools.arm-none.win32_1.7.0.201602121829/tools/compiler/bin/../lib/gcc/arm-none-eabi/5.2.1/../../../../arm-none-eabi/lib/armv7e-m/fpu\libc.a(lib_a-fini.o)
                0x08001388                __libc_fini_array
 .text.__register_exitproc
                0x080013b0       0xa4 c:/ac6/systemworkbench/plugins/fr.ac6.mcu.externaltools.arm-none.win32_1.7.0.201602121829/tools/compiler/bin/../lib/gcc/arm-none-eabi/5.2.1/../../../../arm-none-eabi/lib/armv7e-m/fpu\libc.a(lib_a-__atexit.o)
                0x080013b0                __register_exitproc
 *(.glue_7)
 .glue_7        0x08001454        0x0 linker stubs
 *(.glue_7t)
 .glue_7t       0x08001454        0x0 linker stubs
 *(.eh_frame)
 .eh_frame      0x08001454        0x0 c:/ac6/systemworkbench/plugins/fr.ac6.mcu.externaltools.arm-none.win32_1.7.0.201602121829/tools/compiler/bin/../lib/gcc/arm-none-eabi/5.2.1/armv7e-m/fpu/crtbegin.o
 *(.init)
 .init          0x08001454        0x4 c:/ac6/systemworkbench/plugins/fr.ac6.mcu.externaltools.arm-none.win32_1.7.0.201602121829/tools/compiler/bin/../lib/gcc/arm-none-eabi/5.2.1/armv7e-m/fpu/crti.o
                0x08001454                _init
 .init          0x08001458        0x8 c:/ac6/systemworkbench/plugins/fr.ac6.mcu.externaltools.arm-none.win32_1.7.0.201602121829/tools/compiler/bin/../lib/gcc/arm-none-eabi/5.2.1/armv7e-m/fpu/crtn.o
 *(.fini)
 .fini          0x08001460        0x4 c:/ac6/systemworkbench/plugins/fr.ac6.mcu.externaltools.arm-none.win32_1.7.0.201602121829/tools/compiler/bin/../lib/gcc/arm-none-eabi/5.2.1/armv7e-m/fpu/crti.o
                0x08001460                _fini
 .fini          0x08001464        0x8 c:/ac6/systemworkbench/plugins/fr.ac6.mcu.externaltools.arm-none.win32_1.7.0.201602121829/tools/compiler/bin/../lib/gcc/arm-none-eabi/5.2.1/armv7e-m/fpu/crtn.o
                0x0800146c                . = ALIGN (0x4)
                0x0800146c                _etext = .

.vfp11_veneer   0x0800146c        0x0
 .vfp11_veneer  0x0800146c        0x0 linker stubs

.v4_bx          0x0800146c        0x0
 .v4_bx         0x0800146c        0x0 linker stubs

.iplt           0x0800146c        0x0
 .iplt          0x0800146c        0x0 c:/ac6/systemworkbench/plugins/fr.ac6.mcu.externaltools.arm-none.win32_1.7.0.201602121829/tools/compiler/bin/../lib/gcc/arm-none-eabi/5.2.1/armv7e-m/fpu/crtbegin.o

.rodata         0x0800146c       0x18
                0x0800146c                . = ALIGN (0x4)
 *(.rodata)
 .rodata        0x0800146c       0x10 C:\Users\Keith-School\Desktop\cet400\cet400stepper_hal_lib\Debug\libcet400stepper_hal_lib.a(stm32f4xx_hal_rcc.o)
                0x0800146c                APBAHBPrescTable
 *(.rodata*)
 .rodata.str1.4
                0x0800147c        0x4 c:/ac6/systemworkbench/plugins/fr.ac6.mcu.externaltools.arm-none.win32_1.7.0.201602121829/tools/compiler/bin/../lib/gcc/arm-none-eabi/5.2.1/../../../../arm-none-eabi/lib/armv7e-m/fpu\libc.a(lib_a-impure.o)
                                  0x2 (size before relaxing)
 .rodata._global_impure_ptr
                0x08001480        0x4 c:/ac6/systemworkbench/plugins/fr.ac6.mcu.externaltools.arm-none.win32_1.7.0.201602121829/tools/compiler/bin/../lib/gcc/arm-none-eabi/5.2.1/../../../../arm-none-eabi/lib/armv7e-m/fpu\libc.a(lib_a-impure.o)
                0x08001480                _global_impure_ptr
                0x08001484                . = ALIGN (0x4)

.rel.dyn        0x08001484        0x0
 .rel.iplt      0x08001484        0x0 c:/ac6/systemworkbench/plugins/fr.ac6.mcu.externaltools.arm-none.win32_1.7.0.201602121829/tools/compiler/bin/../lib/gcc/arm-none-eabi/5.2.1/armv7e-m/fpu/crtbegin.o

.ARM.extab      0x08001484        0x0
                0x08001484                . = ALIGN (0x4)
 *(.ARM.extab* .gnu.linkonce.armextab.*)
                0x08001484                . = ALIGN (0x4)

.ARM            0x08001484        0x0
                0x08001484                . = ALIGN (0x4)
                0x08001484                __exidx_start = .
 *(.ARM.exidx*)
                0x08001484                __exidx_end = .
                0x08001484                . = ALIGN (0x4)

.preinit_array  0x08001484        0x0
                0x08001484                . = ALIGN (0x4)
                0x08001484                PROVIDE (__preinit_array_start, .)
 *(.preinit_array*)
                0x08001484                PROVIDE (__preinit_array_end, .)
                0x08001484                . = ALIGN (0x4)

.init_array     0x08001484        0x8
                0x08001484                . = ALIGN (0x4)
                0x08001484                PROVIDE (__init_array_start, .)
 *(SORT(.init_array.*))
 .init_array.00000
                0x08001484        0x4 c:/ac6/systemworkbench/plugins/fr.ac6.mcu.externaltools.arm-none.win32_1.7.0.201602121829/tools/compiler/bin/../lib/gcc/arm-none-eabi/5.2.1/../../../../arm-none-eabi/lib/armv7e-m/fpu\libc.a(lib_a-__call_atexit.o)
 *(.init_array*)
 .init_array    0x08001488        0x4 c:/ac6/systemworkbench/plugins/fr.ac6.mcu.externaltools.arm-none.win32_1.7.0.201602121829/tools/compiler/bin/../lib/gcc/arm-none-eabi/5.2.1/armv7e-m/fpu/crtbegin.o
                0x0800148c                PROVIDE (__init_array_end, .)
                0x0800148c                . = ALIGN (0x4)

.fini_array     0x0800148c        0x4
                0x0800148c                . = ALIGN (0x4)
                0x0800148c                PROVIDE (__fini_array_start, .)
 *(SORT(.fini_array.*))
 *(.fini_array*)
 .fini_array    0x0800148c        0x4 c:/ac6/systemworkbench/plugins/fr.ac6.mcu.externaltools.arm-none.win32_1.7.0.201602121829/tools/compiler/bin/../lib/gcc/arm-none-eabi/5.2.1/armv7e-m/fpu/crtbegin.o
                0x08001490                PROVIDE (__fini_array_end, .)
                0x08001490                . = ALIGN (0x4)
                0x08001490                _sidata = LOADADDR (.data)

.data           0x20000000      0x430 load address 0x08001490
                0x20000000                . = ALIGN (0x4)
                0x20000000                _sdata = .
 *(.data)
 .data          0x20000000        0x4 src/system_stm32f4xx.o
                0x20000000                SystemCoreClock
 *(.data*)
 *fill*         0x20000004        0x4 
 .data.impure_data
                0x20000008      0x428 c:/ac6/systemworkbench/plugins/fr.ac6.mcu.externaltools.arm-none.win32_1.7.0.201602121829/tools/compiler/bin/../lib/gcc/arm-none-eabi/5.2.1/../../../../arm-none-eabi/lib/armv7e-m/fpu\libc.a(lib_a-impure.o)
                0x20000430                . = ALIGN (0x4)
                0x20000430                _edata = .

.jcr            0x20000430        0x0 load address 0x080018c0
 .jcr           0x20000430        0x0 c:/ac6/systemworkbench/plugins/fr.ac6.mcu.externaltools.arm-none.win32_1.7.0.201602121829/tools/compiler/bin/../lib/gcc/arm-none-eabi/5.2.1/armv7e-m/fpu/crtbegin.o

.tm_clone_table
                0x20000430        0x0 load address 0x080018c0
 .tm_clone_table
                0x20000430        0x0 c:/ac6/systemworkbench/plugins/fr.ac6.mcu.externaltools.arm-none.win32_1.7.0.201602121829/tools/compiler/bin/../lib/gcc/arm-none-eabi/5.2.1/armv7e-m/fpu/crtbegin.o
 .tm_clone_table
                0x20000430        0x0 c:/ac6/systemworkbench/plugins/fr.ac6.mcu.externaltools.arm-none.win32_1.7.0.201602121829/tools/compiler/bin/../lib/gcc/arm-none-eabi/5.2.1/armv7e-m/fpu/crtend.o

.igot.plt       0x20000430        0x0 load address 0x080018c0
 .igot.plt      0x20000430        0x0 c:/ac6/systemworkbench/plugins/fr.ac6.mcu.externaltools.arm-none.win32_1.7.0.201602121829/tools/compiler/bin/../lib/gcc/arm-none-eabi/5.2.1/armv7e-m/fpu/crtbegin.o
                0x20000430                . = ALIGN (0x4)

.bss            0x20000430       0x74 load address 0x080018c0
                0x20000430                _sbss = .
                0x20000430                __bss_start__ = _sbss
 *(.bss)
 .bss           0x20000430       0x1c c:/ac6/systemworkbench/plugins/fr.ac6.mcu.externaltools.arm-none.win32_1.7.0.201602121829/tools/compiler/bin/../lib/gcc/arm-none-eabi/5.2.1/armv7e-m/fpu/crtbegin.o
 .bss           0x2000044c       0x2a Motor_Control_Lib/src/motor_Y.o
 *fill*         0x20000476        0x2 
 .bss           0x20000478       0x28 Motor_Control_Lib/src/utilities.o
 *(.bss*)
 *(COMMON)
 COMMON         0x200004a0        0x4 C:\Users\Keith-School\Desktop\cet400\cet400stepper_hal_lib\Debug\libcet400stepper_hal_lib.a(stm32f4xx_hal.o)
                0x200004a0                uwTick
                0x200004a4                . = ALIGN (0x4)
                0x200004a4                _ebss = .
                0x200004a4                __bss_end__ = _ebss

._user_heap_stack
                0x200004a4      0x404 load address 0x080018c0
                0x200004a8                . = ALIGN (0x8)
 *fill*         0x200004a4        0x4 
                0x200004a8                PROVIDE (end, .)
                [!provide]                PROVIDE (_end, .)
                0x200004a8                . = (. + _Min_Heap_Size)
                0x200008a8                . = (. + _Min_Stack_Size)
 *fill*         0x200004a8      0x400 
                0x200008a8                . = ALIGN (0x8)

/DISCARD/
 libc.a(*)
 libm.a(*)
 libgcc.a(*)

.ARM.attributes
                0x00000000       0x30
 *(.ARM.attributes)
 .ARM.attributes
                0x00000000       0x22 c:/ac6/systemworkbench/plugins/fr.ac6.mcu.externaltools.arm-none.win32_1.7.0.201602121829/tools/compiler/bin/../lib/gcc/arm-none-eabi/5.2.1/armv7e-m/fpu/crti.o
 .ARM.attributes
                0x00000022       0x34 c:/ac6/systemworkbench/plugins/fr.ac6.mcu.externaltools.arm-none.win32_1.7.0.201602121829/tools/compiler/bin/../lib/gcc/arm-none-eabi/5.2.1/armv7e-m/fpu/crtbegin.o
 .ARM.attributes
                0x00000056       0x25 startup/startup_stm32.o
 .ARM.attributes
                0x0000007b       0x39 src/main.o
 .ARM.attributes
                0x000000b4       0x39 src/stm32f4xx_it.o
 .ARM.attributes
                0x000000ed       0x39 src/system_stm32f4xx.o
 .ARM.attributes
                0x00000126       0x39 Motor_Control_Lib/src/motor_Y.o
 .ARM.attributes
                0x0000015f       0x39 Motor_Control_Lib/src/utilities.o
 .ARM.attributes
                0x00000198       0x39 C:\Users\Keith-School\Desktop\cet400\cet400stepper_hal_lib\Debug\libcet400stepper_hal_lib.a(stm32f4xx_hal.o)
 .ARM.attributes
                0x000001d1       0x39 C:\Users\Keith-School\Desktop\cet400\cet400stepper_hal_lib\Debug\libcet400stepper_hal_lib.a(stm32f4xx_hal_cortex.o)
 .ARM.attributes
                0x0000020a       0x39 C:\Users\Keith-School\Desktop\cet400\cet400stepper_hal_lib\Debug\libcet400stepper_hal_lib.a(stm32f4xx_hal_gpio.o)
 .ARM.attributes
                0x00000243       0x39 C:\Users\Keith-School\Desktop\cet400\cet400stepper_hal_lib\Debug\libcet400stepper_hal_lib.a(stm32f4xx_hal_rcc.o)
 .ARM.attributes
                0x0000027c       0x34 c:/ac6/systemworkbench/plugins/fr.ac6.mcu.externaltools.arm-none.win32_1.7.0.201602121829/tools/compiler/bin/../lib/gcc/arm-none-eabi/5.2.1/../../../../arm-none-eabi/lib/armv7e-m/fpu\libc.a(lib_a-impure.o)
 .ARM.attributes
                0x000002b0       0x34 c:/ac6/systemworkbench/plugins/fr.ac6.mcu.externaltools.arm-none.win32_1.7.0.201602121829/tools/compiler/bin/../lib/gcc/arm-none-eabi/5.2.1/../../../../arm-none-eabi/lib/armv7e-m/fpu\libc.a(lib_a-init.o)
 .ARM.attributes
                0x000002e4       0x34 c:/ac6/systemworkbench/plugins/fr.ac6.mcu.externaltools.arm-none.win32_1.7.0.201602121829/tools/compiler/bin/../lib/gcc/arm-none-eabi/5.2.1/../../../../arm-none-eabi/lib/armv7e-m/fpu\libc.a(lib_a-__call_atexit.o)
 .ARM.attributes
                0x00000318       0x34 c:/ac6/systemworkbench/plugins/fr.ac6.mcu.externaltools.arm-none.win32_1.7.0.201602121829/tools/compiler/bin/../lib/gcc/arm-none-eabi/5.2.1/../../../../arm-none-eabi/lib/armv7e-m/fpu\libc.a(lib_a-atexit.o)
 .ARM.attributes
                0x0000034c       0x34 c:/ac6/systemworkbench/plugins/fr.ac6.mcu.externaltools.arm-none.win32_1.7.0.201602121829/tools/compiler/bin/../lib/gcc/arm-none-eabi/5.2.1/../../../../arm-none-eabi/lib/armv7e-m/fpu\libc.a(lib_a-fini.o)
 .ARM.attributes
                0x00000380       0x34 c:/ac6/systemworkbench/plugins/fr.ac6.mcu.externaltools.arm-none.win32_1.7.0.201602121829/tools/compiler/bin/../lib/gcc/arm-none-eabi/5.2.1/../../../../arm-none-eabi/lib/armv7e-m/fpu\libc.a(lib_a-__atexit.o)
 .ARM.attributes
                0x000003b4       0x34 c:/ac6/systemworkbench/plugins/fr.ac6.mcu.externaltools.arm-none.win32_1.7.0.201602121829/tools/compiler/bin/../lib/gcc/arm-none-eabi/5.2.1/armv7e-m/fpu/crtend.o
 .ARM.attributes
                0x000003e8       0x22 c:/ac6/systemworkbench/plugins/fr.ac6.mcu.externaltools.arm-none.win32_1.7.0.201602121829/tools/compiler/bin/../lib/gcc/arm-none-eabi/5.2.1/armv7e-m/fpu/crtn.o
OUTPUT(senior_proj.elf elf32-littlearm)

.debug_line     0x00000000     0x685c
 .debug_line    0x00000000       0x79 startup/startup_stm32.o
 .debug_line    0x00000079      0xae6 src/main.o
 .debug_line    0x00000b5f      0xa88 src/stm32f4xx_it.o
 .debug_line    0x000015e7      0xa72 src/system_stm32f4xx.o
 .debug_line    0x00002059      0xaf1 Motor_Control_Lib/src/motor_Y.o
 .debug_line    0x00002b4a      0xaec Motor_Control_Lib/src/utilities.o
 .debug_line    0x00003636      0xbe9 C:\Users\Keith-School\Desktop\cet400\cet400stepper_hal_lib\Debug\libcet400stepper_hal_lib.a(stm32f4xx_hal.o)
 .debug_line    0x0000421f      0xd1a C:\Users\Keith-School\Desktop\cet400\cet400stepper_hal_lib\Debug\libcet400stepper_hal_lib.a(stm32f4xx_hal_cortex.o)
 .debug_line    0x00004f39      0xbe9 C:\Users\Keith-School\Desktop\cet400\cet400stepper_hal_lib\Debug\libcet400stepper_hal_lib.a(stm32f4xx_hal_gpio.o)
 .debug_line    0x00005b22      0xd3a C:\Users\Keith-School\Desktop\cet400\cet400stepper_hal_lib\Debug\libcet400stepper_hal_lib.a(stm32f4xx_hal_rcc.o)

.debug_info     0x00000000     0x3a42
 .debug_info    0x00000000       0x77 startup/startup_stm32.o
 .debug_info    0x00000077      0x4a9 src/main.o
 .debug_info    0x00000520       0xbd src/stm32f4xx_it.o
 .debug_info    0x000005dd      0x4d5 src/system_stm32f4xx.o
 .debug_info    0x00000ab2      0x468 Motor_Control_Lib/src/motor_Y.o
 .debug_info    0x00000f1a      0x43f Motor_Control_Lib/src/utilities.o
 .debug_info    0x00001359      0x7e8 C:\Users\Keith-School\Desktop\cet400\cet400stepper_hal_lib\Debug\libcet400stepper_hal_lib.a(stm32f4xx_hal.o)
 .debug_info    0x00001b41      0xc7b C:\Users\Keith-School\Desktop\cet400\cet400stepper_hal_lib\Debug\libcet400stepper_hal_lib.a(stm32f4xx_hal_cortex.o)
 .debug_info    0x000027bc      0x739 C:\Users\Keith-School\Desktop\cet400\cet400stepper_hal_lib\Debug\libcet400stepper_hal_lib.a(stm32f4xx_hal_gpio.o)
 .debug_info    0x00002ef5      0xb4d C:\Users\Keith-School\Desktop\cet400\cet400stepper_hal_lib\Debug\libcet400stepper_hal_lib.a(stm32f4xx_hal_rcc.o)

.debug_abbrev   0x00000000      0xec3
 .debug_abbrev  0x00000000       0x12 startup/startup_stm32.o
 .debug_abbrev  0x00000012      0x14a src/main.o
 .debug_abbrev  0x0000015c       0x6a src/stm32f4xx_it.o
 .debug_abbrev  0x000001c6      0x104 src/system_stm32f4xx.o
 .debug_abbrev  0x000002ca      0x147 Motor_Control_Lib/src/motor_Y.o
 .debug_abbrev  0x00000411      0x14a Motor_Control_Lib/src/utilities.o
 .debug_abbrev  0x0000055b      0x23a C:\Users\Keith-School\Desktop\cet400\cet400stepper_hal_lib\Debug\libcet400stepper_hal_lib.a(stm32f4xx_hal.o)
 .debug_abbrev  0x00000795      0x2cc C:\Users\Keith-School\Desktop\cet400\cet400stepper_hal_lib\Debug\libcet400stepper_hal_lib.a(stm32f4xx_hal_cortex.o)
 .debug_abbrev  0x00000a61      0x1af C:\Users\Keith-School\Desktop\cet400\cet400stepper_hal_lib\Debug\libcet400stepper_hal_lib.a(stm32f4xx_hal_gpio.o)
 .debug_abbrev  0x00000c10      0x2b3 C:\Users\Keith-School\Desktop\cet400\cet400stepper_hal_lib\Debug\libcet400stepper_hal_lib.a(stm32f4xx_hal_rcc.o)

.debug_aranges  0x00000000      0x3b8
 .debug_aranges
                0x00000000       0x28 startup/startup_stm32.o
 .debug_aranges
                0x00000028       0x30 src/main.o
 .debug_aranges
                0x00000058       0x20 src/stm32f4xx_it.o
 .debug_aranges
                0x00000078       0x28 src/system_stm32f4xx.o
 .debug_aranges
                0x000000a0       0x30 Motor_Control_Lib/src/motor_Y.o
 .debug_aranges
                0x000000d0       0x40 Motor_Control_Lib/src/utilities.o
 .debug_aranges
                0x00000110       0xc0 C:\Users\Keith-School\Desktop\cet400\cet400stepper_hal_lib\Debug\libcet400stepper_hal_lib.a(stm32f4xx_hal.o)
 .debug_aranges
                0x000001d0      0x108 C:\Users\Keith-School\Desktop\cet400\cet400stepper_hal_lib\Debug\libcet400stepper_hal_lib.a(stm32f4xx_hal_cortex.o)
 .debug_aranges
                0x000002d8       0x58 C:\Users\Keith-School\Desktop\cet400\cet400stepper_hal_lib\Debug\libcet400stepper_hal_lib.a(stm32f4xx_hal_gpio.o)
 .debug_aranges
                0x00000330       0x88 C:\Users\Keith-School\Desktop\cet400\cet400stepper_hal_lib\Debug\libcet400stepper_hal_lib.a(stm32f4xx_hal_rcc.o)

.debug_ranges   0x00000000      0x320
 .debug_ranges  0x00000000       0x20 startup/startup_stm32.o
 .debug_ranges  0x00000020       0x20 src/main.o
 .debug_ranges  0x00000040       0x10 src/stm32f4xx_it.o
 .debug_ranges  0x00000050       0x18 src/system_stm32f4xx.o
 .debug_ranges  0x00000068       0x20 Motor_Control_Lib/src/motor_Y.o
 .debug_ranges  0x00000088       0x30 Motor_Control_Lib/src/utilities.o
 .debug_ranges  0x000000b8       0xb0 C:\Users\Keith-School\Desktop\cet400\cet400stepper_hal_lib\Debug\libcet400stepper_hal_lib.a(stm32f4xx_hal.o)
 .debug_ranges  0x00000168       0xf8 C:\Users\Keith-School\Desktop\cet400\cet400stepper_hal_lib\Debug\libcet400stepper_hal_lib.a(stm32f4xx_hal_cortex.o)
 .debug_ranges  0x00000260       0x48 C:\Users\Keith-School\Desktop\cet400\cet400stepper_hal_lib\Debug\libcet400stepper_hal_lib.a(stm32f4xx_hal_gpio.o)
 .debug_ranges  0x000002a8       0x78 C:\Users\Keith-School\Desktop\cet400\cet400stepper_hal_lib\Debug\libcet400stepper_hal_lib.a(stm32f4xx_hal_rcc.o)

.debug_macro    0x00000000    0x12cf0
 .debug_macro   0x00000000      0x450 src/main.o
 .debug_macro   0x00000450      0x8a4 src/main.o
 .debug_macro   0x00000cf4       0x2b src/main.o
 .debug_macro   0x00000d1f       0x28 src/main.o
 .debug_macro   0x00000d47       0x22 src/main.o
 .debug_macro   0x00000d69       0x44 src/main.o
 .debug_macro   0x00000dad       0xfd src/main.o
 .debug_macro   0x00000eaa       0x22 src/main.o
 .debug_macro   0x00000ecc      0x1df src/main.o
 .debug_macro   0x000010ab       0x35 src/main.o
 .debug_macro   0x000010e0       0x50 src/main.o
 .debug_macro   0x00001130      0xe66 src/main.o
 .debug_macro   0x00001f96     0x5102 src/main.o
 .debug_macro   0x00007098       0x43 src/main.o
 .debug_macro   0x000070db      0x252 src/main.o
 .debug_macro   0x0000732d     0x347f src/main.o
 .debug_macro   0x0000a7ac       0x58 src/main.o
 .debug_macro   0x0000a804       0x35 src/main.o
 .debug_macro   0x0000a839       0x9c src/main.o
 .debug_macro   0x0000a8d5       0x16 src/main.o
 .debug_macro   0x0000a8eb       0x97 src/main.o
 .debug_macro   0x0000a982      0x329 src/main.o
 .debug_macro   0x0000acab       0xfd src/main.o
 .debug_macro   0x0000ada8       0x10 src/main.o
 .debug_macro   0x0000adb8       0x52 src/main.o
 .debug_macro   0x0000ae0a       0x16 src/main.o
 .debug_macro   0x0000ae20       0x43 src/main.o
 .debug_macro   0x0000ae63      0x187 src/main.o
 .debug_macro   0x0000afea       0x10 src/main.o
 .debug_macro   0x0000affa       0x22 src/main.o
 .debug_macro   0x0000b01c       0x3a src/main.o
 .debug_macro   0x0000b056       0x10 src/main.o
 .debug_macro   0x0000b066       0x40 src/main.o
 .debug_macro   0x0000b0a6       0x65 src/main.o
 .debug_macro   0x0000b10b       0x16 src/main.o
 .debug_macro   0x0000b121      0x197 src/main.o
 .debug_macro   0x0000b2b8       0x57 src/main.o
 .debug_macro   0x0000b30f      0x45c src/main.o
 .debug_macro   0x0000b76b      0x9e1 src/main.o
 .debug_macro   0x0000c14c      0x11e src/main.o
 .debug_macro   0x0000c26a      0x11b src/main.o
 .debug_macro   0x0000c385       0x27 src/main.o
 .debug_macro   0x0000c3ac      0x287 src/main.o
 .debug_macro   0x0000c633       0x5f src/main.o
 .debug_macro   0x0000c692      0x23a src/main.o
 .debug_macro   0x0000c8cc      0x391 src/main.o
 .debug_macro   0x0000cc5d      0x176 src/main.o
 .debug_macro   0x0000cdd3       0xf9 src/main.o
 .debug_macro   0x0000cecc       0x23 src/main.o
 .debug_macro   0x0000ceef      0x13a src/main.o
 .debug_macro   0x0000d029      0x264 src/main.o
 .debug_macro   0x0000d28d       0x2e src/main.o
 .debug_macro   0x0000d2bb      0x1a7 src/main.o
 .debug_macro   0x0000d462       0x22 src/main.o
 .debug_macro   0x0000d484       0xa5 src/main.o
 .debug_macro   0x0000d529      0x18b src/main.o
 .debug_macro   0x0000d6b4       0x24 src/main.o
 .debug_macro   0x0000d6d8       0x35 src/main.o
 .debug_macro   0x0000d70d       0x79 src/main.o
 .debug_macro   0x0000d786      0x11e src/main.o
 .debug_macro   0x0000d8a4       0x85 src/main.o
 .debug_macro   0x0000d929       0x89 src/main.o
 .debug_macro   0x0000d9b2      0x31a src/main.o
 .debug_macro   0x0000dccc      0x409 src/main.o
 .debug_macro   0x0000e0d5       0xe4 src/main.o
 .debug_macro   0x0000e1b9      0x48d src/main.o
 .debug_macro   0x0000e646      0x22b src/main.o
 .debug_macro   0x0000e871      0x202 src/main.o
 .debug_macro   0x0000ea73      0x6d9 src/main.o
 .debug_macro   0x0000f14c       0x5b src/main.o
 .debug_macro   0x0000f1a7      0x14d src/main.o
 .debug_macro   0x0000f2f4      0x287 src/main.o
 .debug_macro   0x0000f57b      0x225 src/main.o
 .debug_macro   0x0000f7a0      0x1b5 src/main.o
 .debug_macro   0x0000f955      0x2db src/main.o
 .debug_macro   0x0000fc30       0x89 src/main.o
 .debug_macro   0x0000fcb9      0x1df src/main.o
 .debug_macro   0x0000fe98      0x115 src/main.o
 .debug_macro   0x0000ffad       0x6e src/main.o
 .debug_macro   0x0001001b      0x11e src/main.o
 .debug_macro   0x00010139       0x34 src/main.o
 .debug_macro   0x0001016d      0x44d src/stm32f4xx_it.o
 .debug_macro   0x000105ba      0x449 src/system_stm32f4xx.o
 .debug_macro   0x00010a03      0x44c Motor_Control_Lib/src/motor_Y.o
 .debug_macro   0x00010e4f      0x447 Motor_Control_Lib/src/utilities.o
 .debug_macro   0x00011296      0x491 C:\Users\Keith-School\Desktop\cet400\cet400stepper_hal_lib\Debug\libcet400stepper_hal_lib.a(stm32f4xx_hal.o)
 .debug_macro   0x00011727      0x89e C:\Users\Keith-School\Desktop\cet400\cet400stepper_hal_lib\Debug\libcet400stepper_hal_lib.a(stm32f4xx_hal.o)
 .debug_macro   0x00011fc5      0x443 C:\Users\Keith-School\Desktop\cet400\cet400stepper_hal_lib\Debug\libcet400stepper_hal_lib.a(stm32f4xx_hal_cortex.o)
 .debug_macro   0x00012408      0x47b C:\Users\Keith-School\Desktop\cet400\cet400stepper_hal_lib\Debug\libcet400stepper_hal_lib.a(stm32f4xx_hal_gpio.o)
 .debug_macro   0x00012883      0x46d C:\Users\Keith-School\Desktop\cet400\cet400stepper_hal_lib\Debug\libcet400stepper_hal_lib.a(stm32f4xx_hal_rcc.o)

.debug_str      0x00000000    0x6fea3
 .debug_str     0x00000000    0x6ebf1 src/main.o
                              0x6ee88 (size before relaxing)
 .debug_str     0x0006ebf1       0x38 src/stm32f4xx_it.o
                              0x6ea8d (size before relaxing)
 .debug_str     0x0006ec29       0xcf src/system_stm32f4xx.o
                              0x6ec66 (size before relaxing)
 .debug_str     0x0006ecf8       0xb9 Motor_Control_Lib/src/motor_Y.o
                              0x6ede6 (size before relaxing)
 .debug_str     0x0006edb1       0x59 Motor_Control_Lib/src/utilities.o
                              0x6ec66 (size before relaxing)
 .debug_str     0x0006ee0a      0x860 C:\Users\Keith-School\Desktop\cet400\cet400stepper_hal_lib\Debug\libcet400stepper_hal_lib.a(stm32f4xx_hal.o)
                              0x6f4b6 (size before relaxing)
 .debug_str     0x0006f66a      0x36e C:\Users\Keith-School\Desktop\cet400\cet400stepper_hal_lib\Debug\libcet400stepper_hal_lib.a(stm32f4xx_hal_cortex.o)
                              0x6f348 (size before relaxing)
 .debug_str     0x0006f9d8      0x276 C:\Users\Keith-School\Desktop\cet400\cet400stepper_hal_lib\Debug\libcet400stepper_hal_lib.a(stm32f4xx_hal_gpio.o)
                              0x6eedc (size before relaxing)
 .debug_str     0x0006fc4e      0x255 C:\Users\Keith-School\Desktop\cet400\cet400stepper_hal_lib\Debug\libcet400stepper_hal_lib.a(stm32f4xx_hal_rcc.o)
                              0x6f053 (size before relaxing)

.comment        0x00000000       0x6e
 .comment       0x00000000       0x6e src/main.o
                                 0x6f (size before relaxing)
 .comment       0x0000006e       0x6f src/stm32f4xx_it.o
 .comment       0x0000006e       0x6f src/system_stm32f4xx.o
 .comment       0x0000006e       0x6f Motor_Control_Lib/src/motor_Y.o
 .comment       0x0000006e       0x6f Motor_Control_Lib/src/utilities.o
 .comment       0x0000006e       0x6f C:\Users\Keith-School\Desktop\cet400\cet400stepper_hal_lib\Debug\libcet400stepper_hal_lib.a(stm32f4xx_hal.o)
 .comment       0x0000006e       0x6f C:\Users\Keith-School\Desktop\cet400\cet400stepper_hal_lib\Debug\libcet400stepper_hal_lib.a(stm32f4xx_hal_cortex.o)
 .comment       0x0000006e       0x6f C:\Users\Keith-School\Desktop\cet400\cet400stepper_hal_lib\Debug\libcet400stepper_hal_lib.a(stm32f4xx_hal_gpio.o)
 .comment       0x0000006e       0x6f C:\Users\Keith-School\Desktop\cet400\cet400stepper_hal_lib\Debug\libcet400stepper_hal_lib.a(stm32f4xx_hal_rcc.o)

.debug_frame    0x00000000      0xd70
 .debug_frame   0x00000000       0x68 src/main.o
 .debug_frame   0x00000068       0x2c src/stm32f4xx_it.o
 .debug_frame   0x00000094       0x58 src/system_stm32f4xx.o
 .debug_frame   0x000000ec       0x7c Motor_Control_Lib/src/motor_Y.o
 .debug_frame   0x00000168       0xa8 Motor_Control_Lib/src/utilities.o
 .debug_frame   0x00000210      0x2c0 C:\Users\Keith-School\Desktop\cet400\cet400stepper_hal_lib\Debug\libcet400stepper_hal_lib.a(stm32f4xx_hal.o)
 .debug_frame   0x000004d0      0x450 C:\Users\Keith-School\Desktop\cet400\cet400stepper_hal_lib\Debug\libcet400stepper_hal_lib.a(stm32f4xx_hal_cortex.o)
 .debug_frame   0x00000920      0x14c C:\Users\Keith-School\Desktop\cet400\cet400stepper_hal_lib\Debug\libcet400stepper_hal_lib.a(stm32f4xx_hal_gpio.o)
 .debug_frame   0x00000a6c      0x200 C:\Users\Keith-School\Desktop\cet400\cet400stepper_hal_lib\Debug\libcet400stepper_hal_lib.a(stm32f4xx_hal_rcc.o)
 .debug_frame   0x00000c6c       0x2c c:/ac6/systemworkbench/plugins/fr.ac6.mcu.externaltools.arm-none.win32_1.7.0.201602121829/tools/compiler/bin/../lib/gcc/arm-none-eabi/5.2.1/../../../../arm-none-eabi/lib/armv7e-m/fpu\libc.a(lib_a-init.o)
 .debug_frame   0x00000c98       0x50 c:/ac6/systemworkbench/plugins/fr.ac6.mcu.externaltools.arm-none.win32_1.7.0.201602121829/tools/compiler/bin/../lib/gcc/arm-none-eabi/5.2.1/../../../../arm-none-eabi/lib/armv7e-m/fpu\libc.a(lib_a-__call_atexit.o)
 .debug_frame   0x00000ce8       0x20 c:/ac6/systemworkbench/plugins/fr.ac6.mcu.externaltools.arm-none.win32_1.7.0.201602121829/tools/compiler/bin/../lib/gcc/arm-none-eabi/5.2.1/../../../../arm-none-eabi/lib/armv7e-m/fpu\libc.a(lib_a-atexit.o)
 .debug_frame   0x00000d08       0x34 c:/ac6/systemworkbench/plugins/fr.ac6.mcu.externaltools.arm-none.win32_1.7.0.201602121829/tools/compiler/bin/../lib/gcc/arm-none-eabi/5.2.1/../../../../arm-none-eabi/lib/armv7e-m/fpu\libc.a(lib_a-fini.o)
 .debug_frame   0x00000d3c       0x34 c:/ac6/systemworkbench/plugins/fr.ac6.mcu.externaltools.arm-none.win32_1.7.0.201602121829/tools/compiler/bin/../lib/gcc/arm-none-eabi/5.2.1/../../../../arm-none-eabi/lib/armv7e-m/fpu\libc.a(lib_a-__atexit.o)
